\e[1;32m✻ Opus\e[0m \e[37mhigh\e[0m \e[37m│\e[0m \e[37m▣ sandbox\e[0m \e[37m│\e[0m \e[37mctx \e[0m\e[32m8%\e[0m \e[37m│\e[0m \e[97m$0.01\e[0m \e[37m│\e[0m \e[97mproject\e[0m \e[34m⎇ feature-xyz\e[0m \e[37m│\e[0m \e[37m5h \e[0m\e[32m24%\e[0m \e[37m2h05m\e[0m \e[37m│\e[0m \e[37m7d \e[0m\e[32m41%\e[0m \e[37m3d10h\e[0m \e[37m│\e[0m \e[37mspend \e[0m\e[33m63%\e[0m \e[37m5d20h\e[0m \e[37m│\e[0m \e[37mstyle \e[0m\e[97mExplanatory\e[0m
✻ Opus high │ ▣ sandbox │ ctx 8% │ $0.01 │ project ⎇ feature-xyz │ 5h 24% 2h05m │ 7d 41% 3d10h │ spend 63% 5d20h │ style Explanatory
