\e[1;32m󰚩 Opus\e[0m \e[90mhigh\e[0m \e[90m\e[0m \e[1;91m󰦞 sandbox off\e[0m \e[90m\e[0m \e[90mctx \e[0m\e[32m8%\e[0m \e[90m\e[0m \e[37m$0.01\e[0m \e[90m\e[0m \e[37mproject\e[0m \e[94m feature-xyz\e[0m \e[90m\e[0m \e[90m5h \e[0m\e[32m24%\e[0m \e[90m2h05m\e[0m \e[90m\e[0m \e[90m7d \e[0m\e[32m41%\e[0m \e[90m3d10h\e[0m \e[90m\e[0m \e[90mspend \e[0m\e[33m63%\e[0m \e[90m5d20h\e[0m \e[90m\e[0m \e[90mstyle \e[0m\e[37mExplanatory\e[0m
󰚩 Opus high  󰦞 sandbox off  ctx 8%  $0.01  project  feature-xyz  5h 24% 2h05m  7d 41% 3d10h  spend 63% 5d20h  style Explanatory
