 ⎇ commit             a000000
 merge the git workstation
 into the release

 a message that goes on and
 on, a message that goes on
 and on, a message that goes
 on and on, a message that
 goes on and on, a message
 that goes on and on, a
 message that goes on and on,
 a message tha…

 1/4  a000000       ↓/j down …
