 ⎇ commit                               a000000
 internal/gen/file8.go                 +8    -0
 internal/gen/file9.go                 +9    -0
 internal/gen/file10.go               +10    -0
 internal/gen/file11.go               +11    -0
 internal/gen/file12.go               +12    -0
 internal/gen/file13.go               +13    -0
 internal/gen/file14.go               +14    -0
 internal/gen/file15.go               +15    -0
 internal/gen/file16.go               +16    -0
 internal/gen/file17.go               +17    -0
 internal/gen/file18.go               +18    -0
 internal/gen/file19.go               +19    -0
 internal/gen/file20.go               +20    -0
 internal/gen/file21.go               +21    -0
 internal/gen/file22.go               +22    -0
 internal/gen/file23.go               +23    -0
 internal/gen/file24.go               +24    -0
 internal/gen/file25.go               +25    -0
 internal/gen/file26.go               +26    -0
 internal/gen/file27.go               +27    -0
 internal/gen/file28.go               +28    -0
 internal/gen/file29.go               +29    -0
 34/34  a000000             ↓/j down  enter diff
