 ⎇ commit             a000000
 internal/gen/fil…  +18    -0
 internal/gen/fil…  +19    -0
 internal/gen/fil…  +20    -0
 internal/gen/fil…  +21    -0
 internal/gen/fil…  +22    -0
 internal/gen/fil…  +23    -0
 internal/gen/fil…  +24    -0
 internal/gen/fil…  +25    -0
 internal/gen/fil…  +26    -0
 internal/gen/fil…  +27    -0
 internal/gen/fil…  +28    -0
 internal/gen/fil…  +29    -0
 34/34  a000000     ↓/j down …
