 λ agents  ◆ 1 waiting  ○ 1 idle  ● 1 busy  · 1 unknown                                  filter: zz

                                       no agent matches "zz"

─ preview ──────────────────────────────────────────────────────────────────────────────────────────
























 enter jump  ctrl+x kill  / filter  r refresh  q quit
