[1;38;2;57;211;83;48;2;22;27;34m λ setup [m[38;2;230;237;243;48;2;22;27;34m                                                                                           [m
[38;2;125;133;144m theme [m[48;2;13;17;23m  [m[48;2;22;27;34m  [m[48;2;38;45;56m  [m[48;2;230;237;243m  [m[48;2;125;133;144m  [m[48;2;57;211;83m  [m[48;2;88;166;255m  [m[48;2;240;183;47m  [m[48;2;255;95;86m  [m[48;2;57;211;83m  [m[38;2;125;133;144m  icons [m[38;2;230;237;243m● ◆ ○ ⎇ ▣ ±[m

  [1;38;2;57;211;83m3/5  Claude[m
  [38;2;57;211;83m┃[m [1;38;2;57;211;83mModel[m                                                                     
  [38;2;57;211;83m┃[m [38;2;125;133;144mmodel alias or id; leave empty to let Claude decide[m                       
  [38;2;57;211;83m┃[m [38;2;88;166;255m> [m[7;38;2;57;211;83mo[m[38;2;125;133;144mpus[m[38;2;125;133;144m                                                                    [m
                                                                              
  [38;2;57;211;83m [m [38;2;125;133;144mEffort[m                                                                    
  [38;2;57;211;83m [m   [38;2;57;211;83mdefault     let Claude decide[m                                           
  [38;2;57;211;83m [m   [38;2;230;237;243mlow         quickest answers[m                                            
  [38;2;57;211;83m [m   [38;2;230;237;243mmedium      balanced[m                                                    
  [38;2;57;211;83m [m   [38;2;230;237;243mhigh        more reasoning on hard steps[m                                
  [38;2;57;211;83m [m   [38;2;230;237;243mxhigh       extended reasoning[m                                          
  [38;2;57;211;83m [m   [38;2;230;237;243mmax         the most reasoning per step[m                                 
  [38;2;57;211;83m [m   [38;2;230;237;243multracode   long autonomous coding runs[m                                 
                                                                              
  [38;2;57;211;83m [m [38;2;125;133;144mStatus line[m                                                               
  [38;2;57;211;83m [m   [38;2;57;211;83mauto   lyna status line unless you configured your own[m                  
  [38;2;57;211;83m [m   [38;2;230;237;243mlyna   always the lyna status line[m                                      
  [38;2;57;211;83m [m   [38;2;230;237;243moff    no status line from lyna-tmux[m                                    
                                                                             







 [1;38;2;88;166;255menter[m [38;2;125;133;144mnext[m[38;2;125;133;144m  [m[1;38;2;88;166;255mshift+tab[m [38;2;125;133;144mback[m[38;2;125;133;144m  [m[1;38;2;88;166;255mctrl+c[m [38;2;125;133;144mcancel[m
