[1;38;2;57;211;83;48;2;22;27;34m λ setup [m[38;2;230;237;243;48;2;22;27;34m                                                                                           [m
[38;2;125;133;144m theme [m[48;2;30;30;30m  [m[48;2;49;49;49m  [m[48;2;62;62;62m  [m[48;2;230;230;230m  [m[48;2;138;138;138m  [m[48;2;164;228;0m  [m[48;2;98;216;241m  [m[48;2;255;151;0m  [m[48;2;252;26;112m  [m[48;2;164;228;0m  [m[38;2;125;133;144m  icons [m[38;2;230;237;243m● ◆ ○ ⎇ ▣ ±[m

  [1;38;2;57;211;83m3/5  Claude[m
  [38;2;57;211;83m┃[m [1;38;2;57;211;83mModel[m                                                                     
  [38;2;57;211;83m┃[m [38;2;125;133;144mmodel alias or id; leave empty to let Claude decide[m                       
  [38;2;57;211;83m┃[m [38;2;88;166;255m> [m[38;2;230;237;243mbad model![m[7;38;2;57;211;83m [m[38;2;230;237;243m                                                             [m
                                                                              
  [38;2;57;211;83m [m [38;2;125;133;144mEffort[m                                                                    
  [38;2;57;211;83m [m   [38;2;57;211;83mdefault     let Claude decide[m                                           
  [38;2;57;211;83m [m   [38;2;230;237;243mlow         quickest answers[m                                            
  [38;2;57;211;83m [m   [38;2;230;237;243mmedium      balanced[m                                                    
  [38;2;57;211;83m [m   [38;2;230;237;243mhigh        more reasoning on hard steps[m                                
  [38;2;57;211;83m [m   [38;2;230;237;243mxhigh       extended reasoning[m                                          
  [38;2;57;211;83m [m   [38;2;230;237;243mmax         the most reasoning per step[m                                 
  [38;2;57;211;83m [m   [38;2;230;237;243multracode   long autonomous coding runs[m                                 
                                                                              
  [38;2;57;211;83m [m [38;2;125;133;144mStatus line[m                                                               
  [38;2;57;211;83m [m   [38;2;57;211;83mauto   lyna status line unless you configured your own[m                  
  [38;2;57;211;83m [m   [38;2;230;237;243mlyna   always the lyna status line[m                                      
  [38;2;57;211;83m [m   [38;2;230;237;243moff    no status line from lyna-tmux[m                                    
                                                                              
                                                                              
                                                                              
                                                                              
                                                                              
  
  [38;2;255;95;86m * must be a model alias or id such as opus or claude-opus-5 (got "bad[m
  [38;2;255;95;86mmodel!")[m
 [1;38;2;88;166;255menter[m [38;2;125;133;144mnext[m[38;2;125;133;144m  [m[1;38;2;88;166;255mshift+tab[m [38;2;125;133;144mback[m[38;2;125;133;144m  [m[1;38;2;88;166;255mctrl+c[m [38;2;125;133;144mcancel[m
