[1;38;2;57;211;83;48;2;22;27;34m λ setup [m[38;2;230;237;243;48;2;22;27;34m                                                                                           [m
[38;2;125;133;144m theme [m[48;2;13;17;23m  [m[48;2;22;27;34m  [m[48;2;38;45;56m  [m[48;2;230;237;243m  [m[48;2;125;133;144m  [m[48;2;57;211;83m  [m[48;2;88;166;255m  [m[48;2;240;183;47m  [m[48;2;255;95;86m  [m[48;2;57;211;83m  [m[38;2;125;133;144m  icons [m[38;2;230;237;243m● ◆ ○ ⎇ ▣ ±[m

  [1;38;2;57;211;83m1/5  Look[m
  [38;2;57;211;83m┃[m [1;38;2;57;211;83mTheme[m                                                                     
  [38;2;57;211;83m┃[m [38;2;57;211;83m> [m[38;2;57;211;83mlyna    dark with a green accent[m                                        
  [38;2;57;211;83m┃[m   [38;2;230;237;243mlight   for light terminal backgrounds[m                                  
  [38;2;57;211;83m┃[m   [38;2;230;237;243mansi    your terminal's own 16 colors[m                                   
                                                                              
  [38;2;57;211;83m [m [38;2;125;133;144mIcons[m                                                                     
  [38;2;57;211;83m [m   [38;2;57;211;83mauto      unicode on UTF-8 locales, ascii otherwise[m                     
  [38;2;57;211;83m [m   [38;2;230;237;243municode   one-cell symbols that draw in common fonts[m                    
  [38;2;57;211;83m [m   [38;2;230;237;243mnerd      glyphs from a patched icon font[m                               
  [38;2;57;211;83m [m   [38;2;230;237;243mascii     plain characters only[m                                         
                                                                              
  [38;2;57;211;83m [m [38;2;125;133;144mColor depth[m                                                               
  [38;2;57;211;83m [m   [38;2;57;211;83mauto        detected from COLORTERM and TERM[m                            
  [38;2;57;211;83m [m   [38;2;230;237;243mtruecolor   24-bit color[m                                                
  [38;2;57;211;83m [m   [38;2;230;237;243m256         the xterm 256-color palette[m                                 
  [38;2;57;211;83m [m   [38;2;230;237;243m16          the basic terminal palette[m                                  
                                                                              
                                                                              
                                                                             






 [1;38;2;88;166;255menter[m [38;2;125;133;144mnext[m[38;2;125;133;144m  [m[1;38;2;88;166;255mshift+tab[m [38;2;125;133;144mback[m[38;2;125;133;144m  [m[1;38;2;88;166;255mctrl+c[m [38;2;125;133;144mcancel[m
