[1;38;2;57;211;83;48;2;22;27;34m λ setup [m[38;2;230;237;243;48;2;22;27;34m                                                                                           [m
[38;2;125;133;144m theme [m[48;2;246;248;250m  [m[48;2;234;238;242m  [m[48;2;208;215;222m  [m[48;2;31;35;40m  [m[48;2;87;96;106m  [m[48;2;26;127;55m  [m[48;2;9;105;218m  [m[48;2;154;103;0m  [m[48;2;207;34;46m  [m[48;2;26;127;55m  [m[38;2;125;133;144m  icons [m[38;2;230;237;243m* ! o @ # ~[m

  [1;38;2;57;211;83m5/5  Review[m
  [38;2;57;211;83m┃[m [1;38;2;57;211;83mWrite config.toml?[m                                                        
  [38;2;57;211;83m┃[m [38;2;125;133;144mui.theme: lyna -> light[m                                                   
  [38;2;57;211;83m┃[m [38;2;125;133;144mui.icons: auto -> ascii[m                                                   
  [38;2;57;211;83m┃[m [38;2;125;133;144mui.color: auto -> 256[m                                                     
  [38;2;57;211;83m┃[m [38;2;125;133;144mworkspace.layout: auto -> git[m                                             
  [38;2;57;211;83m┃[m [38;2;125;133;144mui.alt_keys: true -> false[m                                                
  [38;2;57;211;83m┃[m [38;2;125;133;144mclaude.model: (default) -> opus[m                                           
  [38;2;57;211;83m┃[m [38;2;125;133;144mclaude.effort: (default) -> high[m                                          
  [38;2;57;211;83m┃[m [38;2;125;133;144msandbox.profile: standard -> strict[m                                       
  [38;2;57;211;83m┃[m                                                                           
  [38;2;57;211;83m┃[m        [48;2;57;211;83m  [m[1;38;2;13;17;23;48;2;57;211;83mSave[m[48;2;57;211;83m  [m [48;2;22;27;34m  [m[38;2;125;133;144;48;2;22;27;34mCancel[m[48;2;22;27;34m  [m                                                
                                                                              
                                                                              
                                                                              
                                                                              
                                                                              
                                                                              
                                                                              
                                                                             






 [1;38;2;88;166;255menter[m [38;2;125;133;144mnext[m[38;2;125;133;144m  [m[1;38;2;88;166;255mshift+tab[m [38;2;125;133;144mback[m[38;2;125;133;144m  [m[1;38;2;88;166;255mctrl+c[m [38;2;125;133;144mcancel[m
