 λ setup
 theme                       icons * ! o @ # ~

  5/5  Review
  ┃ Write config.toml?
  ┃ ui.theme: lyna -> light
  ┃ ui.icons: auto -> ascii
  ┃ ui.color: auto -> 256
  ┃ workspace.layout: auto -> review
  ┃ ui.alt_keys: true -> false
  ┃ claude.model: (default) -> opus
  ┃ claude.effort: (default) -> high
  ┃ sandbox.profile: standard -> strict
  ┃
  ┃          Save     Cancel




 enter next  shift+tab back  ctrl+c cancel
