[1;38;2;57;211;83;48;2;22;27;34m λ setup [m[38;2;230;237;243;48;2;22;27;34m                                                                                           [m
[38;2;125;133;144m theme [m[48;2;30;30;30m  [m[48;2;49;49;49m  [m[48;2;62;62;62m  [m[48;2;230;230;230m  [m[48;2;138;138;138m  [m[48;2;164;228;0m  [m[48;2;98;216;241m  [m[48;2;255;151;0m  [m[48;2;252;26;112m  [m[48;2;164;228;0m  [m[38;2;125;133;144m  icons [m[38;2;230;237;243m● ◆ ○ ⎇ ▣ ±[m

  [1;38;2;57;211;83m4/5  Sandbox[m
  [38;2;57;211;83m┃[m [1;38;2;57;211;83mSandbox profile[m                                                           
  [38;2;57;211;83m┃[m [38;2;57;211;83m> [m[38;2;57;211;83mstandard  sandboxed Bash, credentials denied[m                            
  [38;2;57;211;83m┃[m   [38;2;230;237;243mstrict    adds a network allowlist, no escape hatch[m                     
  [38;2;57;211;83m┃[m   [38;2;230;237;243moff       no sandbox (a red shield)[m                                     
                                                                              
  [38;2;57;211;83m [m [38;2;125;133;144mIsolation[m                                                                 
  [38;2;57;211;83m [m   [38;2;57;211;83mbash        only the Bash tool is sandboxed[m                             
  [38;2;57;211;83m [m   [38;2;230;237;243mprocess     the whole Claude process[m                                    
  [38;2;57;211;83m [m   [38;2;230;237;243mcontainer   everything in a dev container[m                               
                                                                              
                                                                              
                                                                              
                                                                              
                                                                              
                                                                              
                                                                              
                                                                              
                                                                              
                                                                              
                                                                              
                                                                              
                                                                             



 [1;38;2;88;166;255menter[m [38;2;125;133;144mnext[m[38;2;125;133;144m  [m[1;38;2;88;166;255mshift+tab[m [38;2;125;133;144mback[m[38;2;125;133;144m  [m[1;38;2;88;166;255mctrl+c[m [38;2;125;133;144mcancel[m
