[1;38;2;57;211;83;48;2;22;27;34m λ setup [m[38;2;230;237;243;48;2;22;27;34m                                                                                           [m

 [38;2;57;211;83msaving 5 changes[m
   [38;2;230;237;243mui.theme: lyna -> light[m
   [38;2;230;237;243mui.icons: auto -> ascii[m
   [38;2;230;237;243mui.color: auto -> 256[m
   [38;2;230;237;243mworkspace.layout: auto -> git[m
   [38;2;230;237;243mui.alt_keys: true -> false[m






















