[1;38;2;57;211;83;48;2;22;27;34m λ setup [m[38;2;230;237;243;48;2;22;27;34m                                                                                           [m
[38;2;125;133;144m theme [m[48;2;13;17;23m  [m[48;2;22;27;34m  [m[48;2;38;45;56m  [m[48;2;230;237;243m  [m[48;2;125;133;144m  [m[48;2;57;211;83m  [m[48;2;88;166;255m  [m[48;2;240;183;47m  [m[48;2;255;95;86m  [m[48;2;57;211;83m  [m[38;2;125;133;144m  icons [m[38;2;230;237;243m● ◆ ○ ⎇ ▣ ±[m

  [1;38;2;57;211;83m2/5  Workspace[m
  [38;2;57;211;83m┃[m [1;38;2;57;211;83mDefault layout[m                                                            
  [38;2;57;211;83m┃[m   [38;2;230;237;243msolo   Claude only[m                                                      
  [38;2;57;211;83m┃[m   [38;2;230;237;243mduo    Claude and a shell[m                                               
  [38;2;57;211;83m┃[m   [38;2;230;237;243mtrio   Claude, a shell and live changes[m                                 
  [38;2;57;211;83m┃[m   [38;2;230;237;243mquad   four Claude agents in their own worktrees[m                        
  [38;2;57;211;83m┃[m   [38;2;230;237;243mreview Claude beside a review pane[m                                      
  [38;2;57;211;83m┃[m [38;2;57;211;83m> [m[38;2;57;211;83mauto   chosen from the terminal size[m                                    
                                                                              
  [38;2;57;211;83m [m [38;2;125;133;144mAlt keys[m                                                                  
  [38;2;57;211;83m [m [38;2;125;133;144mAlt+key bindings that need no prefix (terminals must send Option as Meta)[m 
  [38;2;57;211;83m [m                                                                           
  [38;2;57;211;83m [m                              [48;2;57;211;83m  [m[1;38;2;13;17;23;48;2;57;211;83mOn[m[48;2;57;211;83m  [m [48;2;22;27;34m  [m[38;2;125;133;144;48;2;22;27;34mOff[m[48;2;22;27;34m  [m                               
                                                                              
  [38;2;57;211;83m [m [38;2;125;133;144mMouse[m                                                                     
  [38;2;57;211;83m [m [38;2;125;133;144mclick panes, tabs and status buttons; scroll with the wheel[m               
  [38;2;57;211;83m [m                                                                           
  [38;2;57;211;83m [m                       [48;2;57;211;83m  [m[1;38;2;13;17;23;48;2;57;211;83mOn[m[48;2;57;211;83m  [m [48;2;22;27;34m  [m[38;2;125;133;144;48;2;22;27;34mOff[m[48;2;22;27;34m  [m                                     








 [1;38;2;88;166;255menter[m [38;2;125;133;144mnext[m[38;2;125;133;144m  [m[1;38;2;88;166;255mshift+tab[m [38;2;125;133;144mback[m[38;2;125;133;144m  [m[1;38;2;88;166;255mctrl+c[m [38;2;125;133;144mcancel[m
