[1;38;2;57;211;83;48;2;22;27;34m ± changes [m[38;2;125;133;144;48;2;22;27;34m ~/src/api [m[38;2;230;237;243;48;2;22;27;34m                                                                              [m

 [38;2;255;95;86mgit status: exit status 128: fatal: index file corrupt[m


























[38;2;125;133;144m [m[38;2;125;133;144mupdated 12:00:00[m                                                                                   
