 ± changes  ⎇ feature/agents ↑2 ↓1                                             48 files  +1084 -518
  M gen/file12.go                                                                             +12 -0
  M gen/file13.go                                                                             +13 -0
  M gen/file14.go                                                                             +14 -0
  M gen/file15.go                                                                             +15 -0
  M gen/file16.go                                                                             +16 -0
  M gen/file17.go                                                                             +17 -0
  M gen/file18.go                                                                             +18 -0
  M gen/file19.go                                                                             +19 -0
  M gen/file20.go                                                                             +20 -0
  M gen/file21.go                                                                             +21 -0
  M gen/file22.go                                                                             +22 -0
  M gen/file23.go                                                                             +23 -0
  M gen/file24.go                                                                             +24 -0
  M gen/file25.go                                                                             +25 -0
  M gen/file26.go                                                                             +26 -0
  M gen/file27.go                                                                             +27 -0
  M gen/file28.go                                                                             +28 -0
  M gen/file29.go                                                                             +29 -0
  M gen/file30.go                                                                             +30 -0
  M gen/file31.go                                                                             +31 -0
  M gen/file32.go                                                                             +32 -0
  M gen/file33.go                                                                             +33 -0
  M gen/file34.go                                                                             +34 -0
  M gen/file35.go                                                                             +35 -0
  M gen/file36.go                                                                             +36 -0
  M gen/file37.go                                                                             +37 -0
  M gen/file38.go                                                                             +38 -0
  M gen/file39.go                                                                             +39 -0
 updated 12:00:00  4 staged
