 ± changes  ⎇ feature/agents ↑2 ↓1     48 files  +1084 -518
  M gen/file11.go                                     +11 -0
  M gen/file12.go                                     +12 -0
  M gen/file13.go                                     +13 -0
  M gen/file14.go                                     +14 -0
  M gen/file15.go                                     +15 -0
  M gen/file16.go                                     +16 -0
  M gen/file17.go                                     +17 -0
  M gen/file18.go                                     +18 -0
  M gen/file19.go                                     +19 -0
  M gen/file20.go                                     +20 -0
  M gen/file21.go                                     +21 -0
  M gen/file22.go                                     +22 -0
  M gen/file23.go                                     +23 -0
  M gen/file24.go                                     +24 -0
  M gen/file25.go                                     +25 -0
  M gen/file26.go                                     +26 -0
  M gen/file27.go                                     +27 -0
  M gen/file28.go                                     +28 -0
 updated 12:00:00  4 staged
