[1;38;2;57;211;83;48;2;22;27;34m λ lyna-tmux [m[38;2;230;237;243;48;2;22;27;34m 5 sessions[m[38;2;125;133;144;48;2;22;27;34m  1 attached[m[38;2;230;237;243;48;2;22;27;34m                                                  [m[38;2;88;166;255;48;2;22;27;34mnew workspace [m

  [1;38;2;57;211;83mNew workspace[m
  [38;2;57;211;83m┃[m [1;38;2;57;211;83mDirectory[m                                                             
  [38;2;57;211;83m┃[m [38;2;125;133;144mproject to open; an existing workspace for it is reused[m               
  [38;2;57;211;83m┃[m [38;2;88;166;255m> [m[38;2;230;237;243m[m[7;38;2;57;211;83m [m[38;2;230;237;243m                                                                   [m
                                                                          
  [38;2;57;211;83m [m [38;2;125;133;144mLayout[m                                                                
  [38;2;57;211;83m [m   [38;2;57;211;83msolo[m                                                                
  [38;2;57;211;83m [m   [38;2;230;237;243mduo[m                                                                 
  [38;2;57;211;83m [m   [38;2;230;237;243mtrio[m                                                                
  [38;2;57;211;83m [m   [38;2;230;237;243mquad[m                                                                
  [38;2;57;211;83m [m   [38;2;230;237;243mreview[m                                                              
  [38;2;57;211;83m [m   [38;2;230;237;243mauto[m                                                                
                                                                          
  [38;2;57;211;83m [m [38;2;125;133;144mSandbox[m                                                               
  [38;2;57;211;83m [m   [38;2;57;211;83mstandard  sandboxed Bash, credentials denied[m                        
  [38;2;57;211;83m [m   [38;2;230;237;243mstrict    adds a network allowlist, no escape hatch[m                 
  [38;2;57;211;83m [m   [38;2;230;237;243moff       no sandbox (a red shield)[m                                 
  
  [38;2;255;95;86m * a directory is required[m








 [1;38;2;88;166;255menter[m [38;2;125;133;144mnext[m[38;2;125;133;144m  [m[1;38;2;88;166;255mshift+tab[m [38;2;125;133;144mback[m[38;2;125;133;144m  [m[1;38;2;88;166;255mesc[m [38;2;125;133;144mcancel[m
