 λ lyna-tmux  0 sessions
   SESSION               WIN PROJECT
            no sessions on the lyna-tmux server
                press n to open a workspace













─ agents ───────────────────────────────────────────────────
 no Claude agents running
 enter attach  n new  x kill  a agents  s setup  r refresh …
