 λ lyna-tmux
   SESSION               WIN PROJECT
 could not list sessions: no server running on /tmp/tmux-5…














─ agents ───────────────────────────────────────────────────
 could not list agents: claude: executable file not found …
 enter attach  n new  x kill  a agents  s setup  r refresh …
