 λ lyna-tmux                                                                             refreshing
   SESSION               WIN LAYOUT   SANDBOX     PROJECT
                                          listing sessions
























─ agents ───────────────────────────────────────────────────────────────────────────────────────────
 listing agents
 enter attach  n new  x kill  a agents  s setup  r refresh  q quit
