[38;2;125;133;144;48;2;22;27;34m ⎇ refs [m[38;2;230;237;243;48;2;22;27;34m            [m[1;38;2;57;211;83;48;2;22;27;34m ● history [m[38;2;230;237;243;48;2;22;27;34m                                         [m[38;2;125;133;144;48;2;22;27;34m ± working tree [m[38;2;230;237;243;48;2;22;27;34m                                [m
[38;2;57;211;83;48;2;22;27;34m [m[38;2;48;54;61;48;2;22;27;34m▾ [m[1;38;2;57;211;83;48;2;22;27;34mLOCAL          [m[38;2;125;133;144;48;2;22;27;34m0[m[38;2;230;237;243;48;2;22;27;34m [m[38;2;125;133;144;48;2;22;27;34m [m[38;2;125;133;144;48;2;22;27;34m  [m[38;2;125;133;144;48;2;22;27;34mCOMMIT MESSAGE                                   [m[38;2;57;211;83m[m                                                
[38;2;57;211;83m [m[38;2;48;54;61m▾ [m[1;38;2;57;211;83mREMOTE         [m[38;2;125;133;144m0[m                                                     [38;2;57;211;83m               working tree clean[m               
[38;2;57;211;83m [m[38;2;48;54;61m▾ [m[1;38;2;57;211;83mWORKTREES      [m[38;2;125;133;144m0[m [38;2;125;133;144m                   no commit yet[m                                                                    
[38;2;57;211;83m [m[38;2;48;54;61m▾ [m[1;38;2;57;211;83mSTASHES        [m[38;2;125;133;144m0[m                                                                                                     
[38;2;57;211;83m [m[38;2;48;54;61m▾ [m[1;38;2;57;211;83mTAGS           [m[38;2;125;133;144m0[m                                                                                                     
                                                                                                                        
                                                                                                                        
                                                                                                                        
                                                                                                                        
                                                                                                                        
                                                                                                                        
                                                                                                                        
                                                                                                                        
                                                                                                                        
                                                                                                                        
                                                                                                                        
                                                                                                                        
                                                                                                                        
                                                                                                                        
                                                                                                                        
                                                                                                                        
                                                                                                                        
                                                                                                                        
                                                                                                                        
                                                                                                                        
                                                                                                                        
                                                                                                                        
 [1;38;2;88;166;255m↓/j[m [38;2;125;133;144mdown[m[38;2;125;133;144m  [m[1;38;2;88;166;255mspace[m [38;2;125;133;144mfol[m[38;2;125;133;144m[m[1;38;2;88;166;255m[m[38;2;125;133;144m[m [1;38;2;88;166;255m/[m [38;2;125;133;144msearch[m                                                                                           
[38;2;255;95;86;48;2;22;27;34m git log: exit status 128: fatal: bad revision[m[38;2;230;237;243;48;2;22;27;34m                                 [m [1;38;2;88;166;255mtab[m [38;2;125;133;144mregion[m[38;2;125;133;144m  [m[1;38;2;88;166;255mw[m [38;2;125;133;144mworking tree[m[38;2;125;133;144m  [m[1;38;2;88;166;255mr[m [38;2;125;133;144mread again[m
