 ⎇ refs            ● history
 ▾ LOCAL        0    COMMIT MESSAGE                                          AUTHOR  WHEN
 ▾ REMOTE       0
 ▾ WORKTREES    0                              no commit yet
 ▾ STASHES      0
 ▾ TAGS         0
















 ↓/j down …        / search
 git log: exit status 128: fatal: bad revision    tab region  w working tree  r read again
