 ● history                                                                                   28/60+
 BRANCH / TAG          COMMIT MESSAGE                                                  AUTHOR  WHEN
                     ● c140000 commit number 14                                   Ada Lovelace  14h
                     │
                     ● c150000 commit number 15                                   Ada Lovelace  15h
                     │
                     ● c160000 commit number 16                                   Ada Lovelace  16h
                     │
                     ● c170000 commit number 17                                   Ada Lovelace  17h
                     │
                     ● c180000 commit number 18                                   Ada Lovelace  18h
                     │
                     ● c190000 commit number 19                                   Ada Lovelace  19h
                     │
                     ● c200000 commit number 20                                   Ada Lovelace  20h
                     │
                     ● c210000 commit number 21                                   Ada Lovelace  21h
                     │
                     ● c220000 commit number 22                                   Ada Lovelace  22h
                     │
                     ● c230000 commit number 23                                   Ada Lovelace  23h
                     │
                     ● c240000 commit number 24                                   Ada Lovelace   1d
                     │
                     ● c250000 commit number 25                                   Ada Lovelace   1d
                     │
                     ● c260000 commit number 26                                   Ada Lovelace   1d
                     │
▌                    ● c270000 commit number 27                                   Ada Lovelace   1d
 c270000                                                              ↓/j down  enter open  / search
