 ● history                       14/60+
   COMMIT MESSAGE
 ● c700000 commit number 7           7h
 │
 ● c800000 commit number 8           8h
 │
 ● c900000 commit number 9           9h
 │
 ● c100000 commit number 10         10h
 │
 ● c110000 commit number 11         11h
 │
 ● c120000 commit number 12         12h
 │
▌● c130000 commit number 13         13h
 c130000  ↓/j down  enter open  / search
