[1;38;2;57;211;83;48;2;22;27;34m ◎ message [m[38;2;230;237;243;48;2;22;27;34m                                                                     [m

  [38;2;57;211;83m┃[m [1;38;2;57;211;83mMessage to review-api[m                                                     
  [38;2;57;211;83m┃[m [38;2;125;133;144mone line, typed into its pane and submitted as if you typed it[m            
  [38;2;57;211;83m┃[m [38;2;88;166;255m> [m[38;2;230;237;243mread the router[m[7;38;2;57;211;83m [m[38;2;230;237;243m                                                        [m
                                                                              
                                                                             
















 [1;38;2;88;166;255menter[m [38;2;125;133;144mnext[m[38;2;125;133;144m  [m[1;38;2;88;166;255mshift+tab[m [38;2;125;133;144mback[m[38;2;125;133;144m  [m[1;38;2;88;166;255mesc[m [38;2;125;133;144mcancel[m
