[1;38;2;57;211;83;48;2;22;27;34m ◎ spawn [m[38;2;230;237;243;48;2;22;27;34m                                                                       [m

  [1;38;2;57;211;83m1/3  Target[m
  [38;2;57;211;83m┃[m [1;38;2;57;211;83mWho runs it[m                                                               
  [38;2;57;211;83m┃[m [38;2;57;211;83m> [m[38;2;57;211;83mthe lead   the agent joins the conversation you are having[m              
  [38;2;57;211;83m┃[m   [38;2;230;237;243mits own    a window of its own, with its own conversation[m               
                                                                              
                                                                              
                                                                              
                                                                              
                                                                              
                                                                              
                                                                              
                                                                              
                                                                              
                                                                              
                                                                              
                                                                              
                                                                              
                                                                             



 [1;38;2;88;166;255menter[m [38;2;125;133;144mnext[m[38;2;125;133;144m  [m[1;38;2;88;166;255mshift+tab[m [38;2;125;133;144mback[m[38;2;125;133;144m  [m[1;38;2;88;166;255mesc[m [38;2;125;133;144mcancel[m
