[1;38;2;57;211;83;48;2;22;27;34m ◎ stop [m[38;2;230;237;243;48;2;22;27;34m                                                                        [m

  [38;2;57;211;83m┃[m [1;38;2;57;211;83mHow to stop review-api[m                                                    
  [38;2;57;211;83m┃[m [38;2;57;211;83m> [m[38;2;57;211;83mask the lead   the lead shuts it down and keeps its team in order[m       
  [38;2;57;211;83m┃[m   [38;2;230;237;243mstop it now    close its pane, with whatever it was doing[m               
                                                                              
                                                                             
















 [1;38;2;88;166;255menter[m [38;2;125;133;144mnext[m[38;2;125;133;144m  [m[1;38;2;88;166;255mshift+tab[m [38;2;125;133;144mback[m[38;2;125;133;144m  [m[1;38;2;88;166;255mesc[m [38;2;125;133;144mcancel[m
