 = tasks  session-8f3c1d2a           2 of 6 done, 2 blocked
  * #1  designing the schema                api-developer
  x #2  review the plan                     security-audit~
> ! #3  write the migration  blocked by #1  db-engineer
  - #4  wire the router
  ! #5  document the endpoi~  blocked by #3 docs
  x #10 set up the fixtures                 api-developer




                                       j down  enter details
