


  [38;2;48;54;61m┌─[m[1;38;2;57;211;83m Delete a branch [m[38;2;48;54;61m────────────────────────────────────────┐[m
  [38;2;48;54;61m│[m [38;2;230;237;243mfix/border is deleted here; a branch of the same name on[m [38;2;48;54;61m│[m
  [38;2;48;54;61m│[m [38;2;230;237;243ma remote is left alone.[m                                  [38;2;48;54;61m│[m
  [38;2;48;54;61m│[m                                                          [38;2;48;54;61m│[m
  [38;2;48;54;61m│[m [38;2;255;95;86m✕ [m[38;2;255;95;86mthe commits of fix/border are in no other branch, and[m  [38;2;48;54;61m│[m
  [38;2;48;54;61m│[m   [38;2;255;95;86monly the reflog still names them[m                       [38;2;48;54;61m│[m
  [38;2;48;54;61m│[m                                                          [38;2;48;54;61m│[m
  [38;2;48;54;61m│[m [38;2;125;133;144mruns[m                                                     [38;2;48;54;61m│[m
  [38;2;48;54;61m│[m [38;2;88;166;255mgit branch -D -- fix/border[m                              [38;2;48;54;61m│[m
  [38;2;48;54;61m│[m                                                          [38;2;48;54;61m│[m
  [38;2;48;54;61m│[m [38;2;125;133;144mtype [m[38;2;240;183;47mfix/border[m[38;2;125;133;144m to go on[m                                 [38;2;48;54;61m│[m
  [38;2;48;54;61m│[m [38;2;57;211;83m› [m[38;2;230;237;243m                                                     [m[38;2;57;211;83m▌[m [38;2;48;54;61m│[m
  [38;2;48;54;61m│[m                                                          [38;2;48;54;61m│[m
  [38;2;48;54;61m│[m  [1;38;2;88;166;255menter[m [38;2;125;133;144mrun it[m[38;2;125;133;144m  [m[1;38;2;88;166;255mesc[m [38;2;125;133;144mcancel[m                                [38;2;48;54;61m│[m
  [38;2;48;54;61m└──────────────────────────────────────────────────────────┘[m




