
  ┌─ Delete a branch ──────────┐
  │ fix/border is deleted…     │
  │                            │
  │ ✕ the commits of           │
  │   fix/border are in no     │
  │   other branch, and only   │
  │   the reflog still names   │
  │   them                     │
  │                            │
  │ type fix/border to go on   │
  │ ›                        ▌ │
  │                            │
  │  enter run it  esc cancel  │
  └────────────────────────────┘

