





  [38;2;48;54;61m┌─[m[1;38;2;57;211;83m Delete a branch [m[38;2;48;54;61m────────────────────────────────────────┐[m
  [38;2;48;54;61m│[m [38;2;230;237;243mfix/border is deleted here; a branch of the same name on[m [38;2;48;54;61m│[m
  [38;2;48;54;61m│[m [38;2;230;237;243ma remote is left alone. Its commits are in the branch it[m [38;2;48;54;61m│[m
  [38;2;48;54;61m│[m [38;2;230;237;243mwas merged into.[m                                         [38;2;48;54;61m│[m
  [38;2;48;54;61m│[m                                                          [38;2;48;54;61m│[m
  [38;2;48;54;61m│[m [38;2;125;133;144mruns[m                                                     [38;2;48;54;61m│[m
  [38;2;48;54;61m│[m [38;2;88;166;255mgit branch --delete -- fix/border[m                        [38;2;48;54;61m│[m
  [38;2;48;54;61m│[m                                                          [38;2;48;54;61m│[m
  [38;2;48;54;61m│[m  [1;38;2;88;166;255my[m [38;2;125;133;144mrun it[m[38;2;125;133;144m  [m[1;38;2;88;166;255mn[m [38;2;125;133;144mcancel[m                                      [38;2;48;54;61m│[m
  [38;2;48;54;61m└──────────────────────────────────────────────────────────┘[m






