
  ┌─ Discard every change ─────┐
  │ 12 files go back to what…  │
  │                            │
  │ ✕ every change made since  │
  │   the last commit, in no   │
  │   commit and no stash      │
  │                            │
  │ type feat/git-wo… to go on │
  │ › main                   ▌ │
  │ that is not feat/git-work… │
  │                            │
  │  enter run it  esc cancel  │
  └────────────────────────────┘


