  ┌─ Discard every change ─────┐
  │ 12 files go back to what…  │
  │                            │
  │ ✕ every change made since  │
  │   the last commit, in no   │
  │   commit and no stash      │
  │                            │
  │ runs                       │
  │ git restore --staged --    │
  │ worktree -- .              │
  │                            │
  │ type feat/git-wo… to go on │
  │ › feat/git-workstation   ▌ │
  │                            │
  │  enter run it  esc cancel  │
  └────────────────────────────┘
