




  [38;2;48;54;61m┌─[m[1;38;2;57;211;83m Discard a file [m[38;2;48;54;61m─────────────────────────────────────────┐[m
  [38;2;48;54;61m│[m [38;2;230;237;243minternal/tui/gitform.go goes back to what HEAD holds.[m    [38;2;48;54;61m│[m
  [38;2;48;54;61m│[m                                                          [38;2;48;54;61m│[m
  [38;2;48;54;61m│[m [38;2;255;95;86m✕ [m[38;2;255;95;86mthe changes made to it since are in no commit and no[m   [38;2;48;54;61m│[m
  [38;2;48;54;61m│[m   [38;2;255;95;86mstash[m                                                  [38;2;48;54;61m│[m
  [38;2;48;54;61m│[m                                                          [38;2;48;54;61m│[m
  [38;2;48;54;61m│[m [38;2;125;133;144mruns[m                                                     [38;2;48;54;61m│[m
  [38;2;48;54;61m│[m [38;2;88;166;255mgit restore -- internal/tui/gitform.go[m                   [38;2;48;54;61m│[m
  [38;2;48;54;61m│[m                                                          [38;2;48;54;61m│[m
  [38;2;48;54;61m│[m  [1;38;2;88;166;255my[m [38;2;125;133;144mrun it[m[38;2;125;133;144m  [m[1;38;2;88;166;255mn[m [38;2;125;133;144mcancel[m                                      [38;2;48;54;61m│[m
  [38;2;48;54;61m└──────────────────────────────────────────────────────────┘[m






