





  [38;2;48;54;61m┌─[m[1;38;2;57;211;83m Drop a stash [m[38;2;48;54;61m───────────────────────────────────────────┐[m
  [38;2;48;54;61m│[m [38;2;230;237;243mstash@{2} the lanes of the graph is thrown away.[m         [38;2;48;54;61m│[m
  [38;2;48;54;61m│[m                                                          [38;2;48;54;61m│[m
  [38;2;48;54;61m│[m [38;2;255;95;86m✕ [m[38;2;255;95;86mthe changes it holds are in no commit and no branch[m    [38;2;48;54;61m│[m
  [38;2;48;54;61m│[m                                                          [38;2;48;54;61m│[m
  [38;2;48;54;61m│[m [38;2;125;133;144mruns[m                                                     [38;2;48;54;61m│[m
  [38;2;48;54;61m│[m [38;2;88;166;255mgit stash drop -- 'stash@{2}'[m                            [38;2;48;54;61m│[m
  [38;2;48;54;61m│[m                                                          [38;2;48;54;61m│[m
  [38;2;48;54;61m│[m  [1;38;2;88;166;255my[m [38;2;125;133;144mrun it[m[38;2;125;133;144m  [m[1;38;2;88;166;255mn[m [38;2;125;133;144mcancel[m                                      [38;2;48;54;61m│[m
  [38;2;48;54;61m└──────────────────────────────────────────────────────────┘[m






