
  ┌─ Write over a branch of a… ┐
  │ feat/git-workstation on…   │
  │                            │
  │ ✕ every commit the remote  │
  │   holds and this           │
  │   repository has not,      │
  │   whoever pushed it        │
  │                            │
  │ type feat/git-wo… to go on │
  │ ›                        ▌ │
  │                            │
  │  enter run it  esc cancel  │
  └────────────────────────────┘


