


  ┌─ Write over a branch of a remote ────────────────────────┐
  │ feat/git-workstation on origin is replaced by the one    │
  │ here.                                                    │
  │                                                          │
  │ ✕ every commit the remote holds and this repository has  │
  │   not, whoever pushed it                                 │
  │                                                          │
  │ runs                                                     │
  │ git push --force -- origin feat/git-workstation          │
  │                                                          │
  │ type feat/git-workstation to go on                       │
  │ ›                                                      ▌ │
  │                                                          │
  │  enter run it  esc cancel                                │
  └──────────────────────────────────────────────────────────┘




