


  [38;2;48;54;61m┌─[m[1;38;2;57;211;83m Write over a branch of a remote [m[38;2;48;54;61m────────────────────────┐[m
  [38;2;48;54;61m│[m [38;2;230;237;243mfeat/git-workstation on origin is replaced by the one[m    [38;2;48;54;61m│[m
  [38;2;48;54;61m│[m [38;2;230;237;243mhere.[m                                                    [38;2;48;54;61m│[m
  [38;2;48;54;61m│[m                                                          [38;2;48;54;61m│[m
  [38;2;48;54;61m│[m [38;2;255;95;86m✕ [m[38;2;255;95;86mevery commit the remote holds and this repository has[m  [38;2;48;54;61m│[m
  [38;2;48;54;61m│[m   [38;2;255;95;86mnot, whoever pushed it[m                                 [38;2;48;54;61m│[m
  [38;2;48;54;61m│[m                                                          [38;2;48;54;61m│[m
  [38;2;48;54;61m│[m [38;2;125;133;144mruns[m                                                     [38;2;48;54;61m│[m
  [38;2;48;54;61m│[m [38;2;88;166;255mgit push --force -- origin feat/git-workstation[m          [38;2;48;54;61m│[m
  [38;2;48;54;61m│[m                                                          [38;2;48;54;61m│[m
  [38;2;48;54;61m│[m [38;2;125;133;144mtype [m[38;2;240;183;47mfeat/git-workstation[m[38;2;125;133;144m to go on[m                       [38;2;48;54;61m│[m
  [38;2;48;54;61m│[m [38;2;57;211;83m› [m[38;2;230;237;243m                                                     [m[38;2;57;211;83m▌[m [38;2;48;54;61m│[m
  [38;2;48;54;61m│[m                                                          [38;2;48;54;61m│[m
  [38;2;48;54;61m│[m  [1;38;2;88;166;255menter[m [38;2;125;133;144mrun it[m[38;2;125;133;144m  [m[1;38;2;88;166;255mesc[m [38;2;125;133;144mcancel[m                                [38;2;48;54;61m│[m
  [38;2;48;54;61m└──────────────────────────────────────────────────────────┘[m




