





  [38;2;48;54;61m┌─[m[1;38;2;57;211;83m Remove a worktree [m[38;2;48;54;61m──────────────────────────────────────┐[m
  [38;2;48;54;61m│[m [38;2;230;237;243m/home/dev/src/acme/.claude/worktrees/review is removed;[m  [38;2;48;54;61m│[m
  [38;2;48;54;61m│[m [38;2;230;237;243mthe branch it stands on is left alone.[m                   [38;2;48;54;61m│[m
  [38;2;48;54;61m│[m                                                          [38;2;48;54;61m│[m
  [38;2;48;54;61m│[m [38;2;125;133;144mruns[m                                                     [38;2;48;54;61m│[m
  [38;2;48;54;61m│[m [38;2;88;166;255mgit worktree remove --[m                                   [38;2;48;54;61m│[m
  [38;2;48;54;61m│[m [38;2;88;166;255m/home/dev/src/acme/.claude/worktrees/review[m              [38;2;48;54;61m│[m
  [38;2;48;54;61m│[m                                                          [38;2;48;54;61m│[m
  [38;2;48;54;61m│[m  [1;38;2;88;166;255my[m [38;2;125;133;144mrun it[m[38;2;125;133;144m  [m[1;38;2;88;166;255mn[m [38;2;125;133;144mcancel[m                                      [38;2;48;54;61m│[m
  [38;2;48;54;61m└──────────────────────────────────────────────────────────┘[m






