


  [38;2;48;54;61m┌─[m[1;38;2;57;211;83m Remove a worktree [m[38;2;48;54;61m──────────────────────────────────────┐[m
  [38;2;48;54;61m│[m [38;2;230;237;243m/home/dev/src/acme/.claude/worktrees/review is removed;[m  [38;2;48;54;61m│[m
  [38;2;48;54;61m│[m [38;2;230;237;243mthe branch it stands on is left alone.[m                   [38;2;48;54;61m│[m
  [38;2;48;54;61m│[m                                                          [38;2;48;54;61m│[m
  [38;2;48;54;61m│[m [38;2;255;95;86m✕ [m[38;2;255;95;86mthe changes in it are in no commit and no stash[m        [38;2;48;54;61m│[m
  [38;2;48;54;61m│[m                                                          [38;2;48;54;61m│[m
  [38;2;48;54;61m│[m [38;2;125;133;144mruns[m                                                     [38;2;48;54;61m│[m
  [38;2;48;54;61m│[m [38;2;88;166;255mgit worktree remove --force --[m                           [38;2;48;54;61m│[m
  [38;2;48;54;61m│[m [38;2;88;166;255m/home/dev/src/acme/.claude/worktrees/review[m              [38;2;48;54;61m│[m
  [38;2;48;54;61m│[m                                                          [38;2;48;54;61m│[m
  [38;2;48;54;61m│[m [38;2;125;133;144mtype [m[38;2;240;183;47mreview[m[38;2;125;133;144m to go on[m                                     [38;2;48;54;61m│[m
  [38;2;48;54;61m│[m [38;2;57;211;83m› [m[38;2;230;237;243m                                                     [m[38;2;57;211;83m▌[m [38;2;48;54;61m│[m
  [38;2;48;54;61m│[m                                                          [38;2;48;54;61m│[m
  [38;2;48;54;61m│[m  [1;38;2;88;166;255menter[m [38;2;125;133;144mrun it[m[38;2;125;133;144m  [m[1;38;2;88;166;255mesc[m [38;2;125;133;144mcancel[m                                [38;2;48;54;61m│[m
  [38;2;48;54;61m└──────────────────────────────────────────────────────────┘[m




