  ┌─ Move the branch and writ… ┐
  │ main moves to a1b2c3d, an… │
  │                            │
  │ ✕ every change of the      │
  │   working tree and of the  │
  │   index                    │
  │ ✕ 3 commits are left       │
  │   behind, reachable only   │
  │   through the reflog       │
  │                            │
  │ type main to go on         │
  │ ›                        ▌ │
  │                            │
  │  enter run it  esc cancel  │
  └────────────────────────────┘

