


  ┌─ Open a branch here ───────┐
  │ The branch starts at       │
  │ a1b2c3d.                   │
  │                            │
  │ › two words              ▌ │
  │ git branch: a name holds … │
  │                            │
  │  enter run it  esc cancel  │
  └────────────────────────────┘




