






  ┌─ Commit what is staged ──────────────────────────────────┐
  │ 4 files, +512 -16.                                       │
  │                                                          │
  │ › a subject in the imperative                          ▌ │
  │ nothing typed yet                                        │
  │                                                          │
  │  enter run it  esc cancel                                │
  └──────────────────────────────────────────────────────────┘







